<?xml version="1.0" encoding="UTF-8"?>
<testsuites>
<testsuite name="MyTestSuite" tests="1" failures="0">
<testcase classname="AppTest" name="renders correctly"/>
</testsuite>
</testsuites>